// Jest Snapshot v1, https://goo.gl/fbAQLP

exports[`<DocumentTitle /> 1`] = `
<head>
  <title
    data-x="s"
  >
    &lt;DocumentTitle&gt; test case
  </title>
</head>
`;
